0,0.560662,0.56044
1,0.797794,0.769231
2,0.873162,0.851648
3,0.882353,0.868132
4,0.882353,0.868132
5,0.882353,0.868132
6,0.882353,0.868132
7,0.886029,0.857143
8,0.884191,0.857143
9,0.891544,0.857143
10,0.893382,0.868132
11,0.897059,0.868132
12,0.897059,0.873626
13,0.898897,0.873626
14,0.898897,0.873626
15,0.898897,0.873626
16,0.898897,0.873626
17,0.902574,0.873626
18,0.90625,0.873626
19,0.90625,0.873626
20,0.90625,0.873626
21,0.908088,0.873626
22,0.90625,0.873626
23,0.908088,0.879121
24,0.909926,0.879121
25,0.911765,0.879121
26,0.911765,0.873626
27,0.911765,0.879121
28,0.915441,0.873626
29,0.915441,0.873626
30,0.915441,0.873626
31,0.915441,0.879121
32,0.915441,0.879121
33,0.915441,0.873626
34,0.915441,0.873626
35,0.911765,0.879121
36,0.920956,0.879121
37,0.920956,0.873626
38,0.917279,0.879121
39,0.917279,0.879121
40,0.917279,0.879121
41,0.917279,0.879121
42,0.920956,0.879121
43,0.920956,0.879121
44,0.920956,0.879121
45,0.920956,0.879121
46,0.919118,0.879121
47,0.919118,0.879121
48,0.919118,0.879121
49,0.919118,0.879121
50,0.922794,0.879121
51,0.924632,0.879121
52,0.924632,0.879121
53,0.928309,0.873626
54,0.930147,0.873626
55,0.930147,0.873626
56,0.928309,0.873626
57,0.930147,0.873626
58,0.930147,0.873626
59,0.928309,0.873626
60,0.930147,0.873626
61,0.928309,0.873626
62,0.928309,0.873626
63,0.930147,0.873626
64,0.931985,0.873626
65,0.931985,0.873626
66,0.933824,0.873626
67,0.931985,0.873626
68,0.930147,0.873626
69,0.935662,0.873626
70,0.935662,0.873626
71,0.933824,0.873626
72,0.933824,0.873626
73,0.933824,0.873626
