0,0.8566176470588235,0.8296703296703297
1,0.8529411764705882,0.8406593406593407
2,0.8602941176470589,0.8296703296703297
3,0.8602941176470589,0.8571428571428571
4,0.8658088235294118,0.8791208791208791
5,0.8713235294117647,0.8736263736263736
6,0.8694852941176471,0.8736263736263736
7,0.875,0.8846153846153846
8,0.8731617647058824,0.8736263736263736
9,0.875,0.8736263736263736
10,0.8768382352941176,0.8736263736263736
11,0.8768382352941176,0.8681318681318682
12,0.875,0.8681318681318682
13,0.875,0.8681318681318682
14,0.875,0.8681318681318682
15,0.875,0.8681318681318682
16,0.8731617647058824,0.8681318681318682
17,0.875,0.8681318681318682
18,0.875,0.8681318681318682
19,0.8731617647058824,0.8681318681318682
20,0.8786764705882353,0.8681318681318682
21,0.8731617647058824,0.8681318681318682
22,0.8731617647058824,0.8681318681318682
23,0.8731617647058824,0.8681318681318682
24,0.8731617647058824,0.8681318681318682
25,0.8768382352941176,0.8681318681318682
26,0.8731617647058824,0.8681318681318682
27,0.8731617647058824,0.8681318681318682
28,0.8731617647058824,0.8681318681318682
29,0.875,0.8681318681318682
30,0.875,0.8681318681318682
31,0.875,0.8681318681318682
32,0.875,0.8736263736263736
33,0.875,0.8736263736263736
34,0.875,0.8736263736263736
35,0.875,0.8736263736263736
36,0.875,0.8736263736263736
37,0.8731617647058824,0.8736263736263736
38,0.8731617647058824,0.8736263736263736
39,0.875,0.8736263736263736
40,0.8731617647058824,0.8736263736263736
41,0.8731617647058824,0.8736263736263736
42,0.8731617647058824,0.8736263736263736
43,0.8731617647058824,0.8681318681318682
44,0.8731617647058824,0.8736263736263736
45,0.8731617647058824,0.8736263736263736
46,0.8731617647058824,0.8736263736263736
47,0.8731617647058824,0.8736263736263736
48,0.8768382352941176,0.8681318681318682
49,0.8768382352941176,0.8681318681318682
50,0.875,0.8681318681318682
51,0.875,0.8681318681318682
52,0.8786764705882353,0.8681318681318682
53,0.8786764705882353,0.8681318681318682
54,0.8786764705882353,0.8681318681318682
55,0.8786764705882353,0.8681318681318682
56,0.8786764705882353,0.8681318681318682
