0,0.615017090042549,
1,0.3922136803329556,
2,0.4138347114100496,
3,0.36046418998107854,
4,0.354166002394251,
5,0.3433034435836533,
6,0.3323220724146178,
7,0.3273926314642624,
8,0.327460604505194,
9,0.31988759731397653,
10,0.312752311576825,
11,0.3145309991611452,
12,0.303878256761569,
13,0.3029697687186021,
14,0.30059415674548834,
15,0.3012297875987576,
16,0.2935308564318559,
17,0.29536171508197856,
18,0.2865828681847726,
19,0.2898588358491402,
20,0.29754219853901254,
21,0.28613242474950357,
22,0.29117898764908984,
23,0.28483169470467806,
24,0.27459234905726476,
25,0.26744394313092495,
26,0.26911287452755367,
27,0.26902696360158085,
28,0.26125366279366785,
29,0.26952447829423626,
30,0.2561973876605393,
31,0.26099813522140475,
32,0.26085537488097715,
33,0.26363345145321404,
34,0.2622285573402633,
35,0.2677140699262108,
36,0.2628609741697326,
37,0.2556511077452399,
38,0.25090472890015436,
39,0.24990949027345127,
40,0.2443748987478865,
41,0.24305818845789412,
42,0.23683452027914878,
43,0.2437430663290125,
44,0.2436451541027026,
45,0.22338907613299663,
46,0.24042274325728274,
47,0.25616556669466006,
48,0.2496397014436296,
49,0.24327511684588482,
50,0.2550477952505065,
51,0.22074315851772305,
52,0.21790435472118194,
53,0.2307063178480589,
54,0.22381456085586132,
55,0.21904347267494798,
56,0.21501429533457223,
57,0.22930918880230716,
58,0.216102167274875,
59,0.20792325522333538,
60,0.20574939660246544,
61,0.21082194416173117,
62,0.20025424668412364,
63,0.20470762903520348,
64,0.2016488315480212,
65,0.21299560961230254,
66,0.2076034876744588,
67,0.21115595238813645,
68,0.19966747734018872,
69,0.21216400949900496,
70,0.2105002451735318,
71,0.1966686078973373,
72,0.20742932331211358,
73,0.19002910266225978,
74,0.21831122758412536,
75,0.20244282971147537,
76,0.19650570285782262,
77,0.18301626595671006,
78,0.18830801492263582,
79,0.18973590679272548,
80,0.18848059179382937,
81,0.19367129211867487,
82,0.18948247112817648,
83,0.18631869710162513,
84,0.18130836955259608,
85,0.19083084172538506,
86,0.18420943005579613,
