0,0.8308823529411765,0.8406593406593407
1,0.8511029411764706,0.8791208791208791
2,0.8566176470588235,0.8791208791208791
3,0.8621323529411765,0.8626373626373627
4,0.8566176470588235,0.8571428571428571
5,0.8639705882352942,0.8736263736263736
6,0.8639705882352942,0.8736263736263736
7,0.8658088235294118,0.8736263736263736
8,0.8658088235294118,0.8736263736263736
9,0.8658088235294118,0.8736263736263736
10,0.8676470588235294,0.8681318681318682
11,0.8658088235294118,0.8681318681318682
12,0.8676470588235294,0.8681318681318682
13,0.8658088235294118,0.8681318681318682
14,0.8639705882352942,0.8736263736263736
15,0.8621323529411765,0.8791208791208791
16,0.8602941176470589,0.8791208791208791
17,0.8621323529411765,0.8736263736263736
18,0.8621323529411765,0.8736263736263736
19,0.8584558823529411,0.8736263736263736
20,0.8602941176470589,0.8791208791208791
21,0.8584558823529411,0.8791208791208791
22,0.8602941176470589,0.8791208791208791
23,0.8584558823529411,0.8791208791208791
24,0.8584558823529411,0.8791208791208791
25,0.8602941176470589,0.8791208791208791
26,0.8621323529411765,0.8791208791208791
27,0.8639705882352942,0.8736263736263736
28,0.8658088235294118,0.8736263736263736
29,0.8639705882352942,0.8736263736263736
30,0.8676470588235294,0.8736263736263736
31,0.8676470588235294,0.8736263736263736
32,0.8676470588235294,0.8736263736263736
33,0.8676470588235294,0.8736263736263736
34,0.8676470588235294,0.8736263736263736
35,0.8639705882352942,0.8736263736263736
36,0.8639705882352942,0.8736263736263736
37,0.8639705882352942,0.8736263736263736
38,0.8639705882352942,0.8736263736263736
39,0.8639705882352942,0.8736263736263736
40,0.8621323529411765,0.8736263736263736
41,0.8621323529411765,0.8736263736263736
42,0.8621323529411765,0.8736263736263736
43,0.8621323529411765,0.8736263736263736
44,0.8621323529411765,0.8736263736263736
45,0.8621323529411765,0.8736263736263736
46,0.8621323529411765,0.8736263736263736
47,0.8621323529411765,0.8736263736263736
48,0.8621323529411765,0.8736263736263736
49,0.8621323529411765,0.8736263736263736
50,0.8621323529411765,0.8736263736263736
