0,0.8547794117647058,0.8736263736263736
1,0.8768382352941176,0.8791208791208791
2,0.8584558823529411,0.8736263736263736
3,0.8143382352941176,0.8406593406593407
4,0.8345588235294118,0.8516483516483516
5,0.8363970588235294,0.8461538461538461
6,0.8308823529411765,0.8571428571428571
7,0.8272058823529411,0.8516483516483516
8,0.8345588235294118,0.8461538461538461
9,0.8345588235294118,0.8516483516483516
10,0.8511029411764706,0.8626373626373627
11,0.8455882352941176,0.8571428571428571
12,0.8474264705882353,0.8571428571428571
13,0.8511029411764706,0.8681318681318682
14,0.8474264705882353,0.8681318681318682
15,0.8602941176470589,0.8736263736263736
16,0.8602941176470589,0.8791208791208791
17,0.8602941176470589,0.8791208791208791
18,0.8639705882352942,0.8736263736263736
19,0.8639705882352942,0.8736263736263736
20,0.8547794117647058,0.8736263736263736
21,0.8511029411764706,0.8846153846153846
22,0.8529411764705882,0.8846153846153846
23,0.8511029411764706,0.8846153846153846
24,0.8547794117647058,0.8901098901098901
25,0.8658088235294118,0.8956043956043956
26,0.8694852941176471,0.8846153846153846
27,0.8805147058823529,0.8791208791208791
28,0.8805147058823529,0.8901098901098901
29,0.8878676470588235,0.8901098901098901
30,0.8878676470588235,0.8956043956043956
31,0.8841911764705882,0.8846153846153846
32,0.8823529411764706,0.8791208791208791
33,0.8860294117647058,0.8846153846153846
34,0.8823529411764706,0.8791208791208791
35,0.8786764705882353,0.8791208791208791
36,0.8823529411764706,0.8846153846153846
37,0.8860294117647058,0.8791208791208791
38,0.8933823529411765,0.8791208791208791
39,0.8933823529411765,0.8846153846153846
40,0.8970588235294118,0.8901098901098901
41,0.8970588235294118,0.8901098901098901
42,0.8933823529411765,0.8956043956043956
43,0.8970588235294118,0.8956043956043956
44,0.8970588235294118,0.8956043956043956
45,0.8952205882352942,0.8956043956043956
46,0.8952205882352942,0.8901098901098901
47,0.8970588235294118,0.8901098901098901
48,0.9007352941176471,0.8846153846153846
49,0.9025735294117647,0.8791208791208791
50,0.9025735294117647,0.8791208791208791
51,0.9025735294117647,0.8791208791208791
52,0.9025735294117647,0.8791208791208791
53,0.9025735294117647,0.8791208791208791
54,0.9044117647058824,0.8791208791208791
55,0.9080882352941176,0.8791208791208791
56,0.9080882352941176,0.8791208791208791
57,0.9099264705882353,0.8791208791208791
58,0.9117647058823529,0.8791208791208791
59,0.9117647058823529,0.8791208791208791
60,0.9136029411764706,0.8791208791208791
61,0.9136029411764706,0.8791208791208791
62,0.9117647058823529,0.8791208791208791
63,0.9117647058823529,0.8791208791208791
64,0.9117647058823529,0.8791208791208791
65,0.9136029411764706,0.8791208791208791
66,0.9136029411764706,0.8791208791208791
67,0.9136029411764706,0.8791208791208791
68,0.9136029411764706,0.8791208791208791
69,0.9172794117647058,0.8791208791208791
70,0.9172794117647058,0.8791208791208791
71,0.9191176470588235,0.8791208791208791
72,0.9209558823529411,0.8791208791208791
73,0.9209558823529411,0.8791208791208791
74,0.9209558823529411,0.8791208791208791
75,0.9191176470588235,0.8791208791208791
